
> image-resizer-react-app@1.0.0 build
> vite build

[36mvite v5.4.21 [32mbuilding for production...[36m[39m
transforming...
[32mΓ£ô[39m 514 modules transformed.
rendering chunks...
computing gzip size...
[2mdist/[22m[32massets/avif_enc_mt.worker-DygIuLCM.js         [39m[1m[2m    1.52 kB[22m[1m[22m
[2mdist/[22m[32mindex.html                                    [39m[1m[2m    1.90 kB[22m[1m[22m[2m Γöé gzip:   0.89 kB[22m
[2mdist/[22m[32massets/jsquash_magic_kernel_bg-Cq4C4bH5.wasm  [39m[1m[2m   18.76 kB[22m[1m[22m
[2mdist/[22m[32massets/avif_enc_mt-CCXqe0MK.js                [39m[1m[2m   26.49 kB[22m[1m[22m
[2mdist/[22m[32massets/squoosh_resize_bg-YY9xfwUg.wasm        [39m[1m[2m   34.55 kB[22m[1m[22m
[2mdist/[22m[32massets/imageProcessor.worker-ptAzxOTc.js      [39m[1m[2m   77.05 kB[22m[1m[22m
[2mdist/[22m[32massets/squooshhqx_bg-jpRtGvMp.wasm            [39m[1m[2m  135.08 kB[22m[1m[22m
[2mdist/[22m[32massets/webp_dec-C990n7mh.wasm                 [39m[1m[2m  137.96 kB[22m[1m[22m
[2mdist/[22m[32massets/mozjpeg_dec-muSO2n8T.wasm              [39m[1m[2m  166.47 kB[22m[1m[22m
[2mdist/[22m[32massets/squoosh_png_bg-DAY7U9NW.wasm           [39m[1m[2m  181.09 kB[22m[1m[22m
[2mdist/[22m[32massets/mozjpeg_enc-DO-zoExo.wasm              [39m[1m[2m  251.52 kB[22m[1m[22m
[2mdist/[22m[32massets/webp_enc-BpZvKflB.wasm                 [39m[1m[2m  281.26 kB[22m[1m[22m
[2mdist/[22m[32massets/webp_enc_simd-CFvKQ_80.wasm            [39m[1m[2m  345.58 kB[22m[1m[22m
[2mdist/[22m[32massets/avif_dec-B7YOdlSS.wasm                 [39m[1m[2m1,170.93 kB[22m[1m[22m
[2mdist/[22m[32massets/avif_enc-Co4TcJko.wasm                 [39m[1m[2m3,485.87 kB[22m[1m[22m
[2mdist/[22m[32massets/avif_enc_mt-DFoVXd45.wasm              [39m[1m[2m3,534.67 kB[22m[1m[22m
[2mdist/[22m[35massets/index-CGysewTo.css                     [39m[1m[2m   38.30 kB[22m[1m[22m[2m Γöé gzip:   7.37 kB[22m
[2mdist/[22m[36massets/index-CWvpOmY5.js                      [39m[1m[2m    0.42 kB[22m[1m[22m[2m Γöé gzip:   0.27 kB[22m
[2mdist/[22m[36massets/useDragToReorder-BiXpqAdF.js           [39m[1m[2m    1.04 kB[22m[1m[22m[2m Γöé gzip:   0.62 kB[22m
[2mdist/[22m[36massets/fileValidation-BkQIGo-3.js             [39m[1m[2m    1.08 kB[22m[1m[22m[2m Γöé gzip:   0.57 kB[22m
[2mdist/[22m[36massets/CompressTab-B2SCr-Xr.js                [39m[1m[2m    4.18 kB[22m[1m[22m[2m Γöé gzip:   1.91 kB[22m
[2mdist/[22m[36massets/UrlImportModal-UTY7R5iH.js             [39m[1m[2m    4.46 kB[22m[1m[22m[2m Γöé gzip:   2.01 kB[22m
[2mdist/[22m[36massets/index-BC9qUksw.js                      [39m[1m[2m    4.96 kB[22m[1m[22m[2m Γöé gzip:   1.98 kB[22m
[2mdist/[22m[36massets/CropStep-DY2qpohw.js                   [39m[1m[2m    5.59 kB[22m[1m[22m[2m Γöé gzip:   2.15 kB[22m
[2mdist/[22m[36massets/ComparisonSlider-Cdpz0-ig.js           [39m[1m[2m    6.03 kB[22m[1m[22m[2m Γöé gzip:   2.40 kB[22m
[2mdist/[22m[36massets/SpriteTab-Bb7OpgqY.js                  [39m[1m[2m    9.24 kB[22m[1m[22m[2m Γöé gzip:   3.58 kB[22m
[2mdist/[22m[36massets/BulkTab-BYadnG_s.js                    [39m[1m[2m    9.55 kB[22m[1m[22m[2m Γöé gzip:   3.49 kB[22m
[2mdist/[22m[36massets/PaletteTab-ByHlFPB6.js                 [39m[1m[2m    9.96 kB[22m[1m[22m[2m Γöé gzip:   3.88 kB[22m
[2mdist/[22m[36massets/imagePipeline-B8gBHkSJ.js              [39m[1m[2m   10.61 kB[22m[1m[22m[2m Γöé gzip:   3.96 kB[22m
[2mdist/[22m[36massets/EditorTab-Cwm39rNA.js                  [39m[1m[2m   11.61 kB[22m[1m[22m[2m Γöé gzip:   4.04 kB[22m
[2mdist/[22m[36massets/avif_enc-B9pwz9D_.js                   [39m[1m[2m   19.16 kB[22m[1m[22m[2m Γöé gzip:   7.74 kB[22m
[2mdist/[22m[36massets/index-BLoGmVP_.js                      [39m[1m[2m   19.32 kB[22m[1m[22m[2m Γöé gzip:   7.90 kB[22m
[2mdist/[22m[36massets/index-ZpKRCMKi.js                      [39m[1m[2m   19.78 kB[22m[1m[22m[2m Γöé gzip:   7.62 kB[22m
[2mdist/[22m[36massets/webp_enc_simd-Dkio_HSy.js              [39m[1m[2m   20.16 kB[22m[1m[22m[2m Γöé gzip:   7.55 kB[22m
[2mdist/[22m[36massets/webp_enc-CznDCDP2.js                   [39m[1m[2m   20.21 kB[22m[1m[22m[2m Γöé gzip:   7.56 kB[22m
[2mdist/[22m[36massets/purify.es-B5CD4DQe.js                  [39m[1m[2m   22.90 kB[22m[1m[22m[2m Γöé gzip:   8.84 kB[22m
[2mdist/[22m[36massets/ConvertTab-DvWiSZmh.js                 [39m[1m[2m   23.66 kB[22m[1m[22m[2m Γöé gzip:   7.51 kB[22m
[2mdist/[22m[36massets/SingleTab-CN8Pjeyo.js                  [39m[1m[2m   24.61 kB[22m[1m[22m[2m Γöé gzip:   7.83 kB[22m
[2mdist/[22m[36massets/avif_enc_mt-DNQKqJ4b.js                [39m[1m[2m   26.54 kB[22m[1m[22m[2m Γöé gzip:  10.53 kB[22m
[2mdist/[22m[36massets/index-BtNCR9sR.js                      [39m[1m[2m   37.56 kB[22m[1m[22m[2m Γöé gzip:  12.42 kB[22m
[2mdist/[22m[36massets/jszip.min-afz2hO5D.js                  [39m[1m[2m   97.03 kB[22m[1m[22m[2m Γöé gzip:  30.08 kB[22m
[2mdist/[22m[36massets/index.es-DNJ_DxTB.js                   [39m[1m[2m  150.80 kB[22m[1m[22m[2m Γöé gzip:  51.61 kB[22m
[2mdist/[22m[36massets/index-xgpZGlin.js                      [39m[1m[2m  170.43 kB[22m[1m[22m[2m Γöé gzip:  54.73 kB[22m
[2mdist/[22m[36massets/html2canvas.esm-CBrSDip1.js            [39m[1m[2m  201.42 kB[22m[1m[22m[2m Γöé gzip:  48.03 kB[22m
[2mdist/[22m[36massets/PdfTab-CEt-p0iu.js                     [39m[1m[2m  398.23 kB[22m[1m[22m[2m Γöé gzip: 131.37 kB[22m
[32mΓ£ô built in 30.75s[39m
