
> image-resizer-react-app@1.0.0 test
> vitest

node.exe : [2m3:10:51 AM[22m [33m[1m[vite][22m[39m [33mwarning: 
`esbuild` option was specified by "vite:react-babel" plugin. This option is 
deprecated, please use `oxc` instead.[39m
At C:\Program Files\nodejs\npm.ps1:29 char:3
+   & $NODE_EXE $NPM_CLI_JS $args
+   ~~~~~~~~~~~~~~~~~~~~~~~~~~~~~
    + CategoryInfo          : NotSpecified: ([2m3:10:51 AM...` instead.[39m 
   :String) [], RemoteException
    + FullyQualifiedErrorId : NativeCommandError
 
[2m3:10:51 AM[22m [33m[1m[vite][22m[39m [33mwarning: 
`optimizeDeps.esbuildOptions` option was specified by "vite:react-babel" 
plugin. This option is deprecated, please use `optimizeDeps.rolldownOptions` 
instead.[39m
[33mBoth esbuild and oxc options were set. oxc options will be used and 
esbuild options will be ignored.[39m The following esbuild options were set: 
`{ jsx: 'automatic', jsxImportSource: undefined }`

[1m[30m[46m RUN [49m[39m[22m [36mv4.1.4 [39m[90mC:/Users/Hp/Downloads/resizer[39m

 [32mΓ£ô[39m src/test/useDragToReorder.test.js [2m([22m[2m2 tests[22m[2m)[22m[32m 11[2mms[22m[39m
 [32mΓ£ô[39m src/test/fileValidation.test.js [2m([22m[2m6 tests[22m[2m)[22m[32m 15[2mms[22m[39m
 [32mΓ£ô[39m src/test/ComparisonSlider.test.jsx [2m([22m[2m2 tests[22m[2m)[22m[32m 270[2mms[22m[39m
 [32mΓ£ô[39m src/test/bisect.test.js [2m([22m[2m2 tests[22m[2m)[22m[32m 17[2mms[22m[39m
 [32mΓ£ô[39m src/test/convertUtils.test.js [2m([22m[2m15 tests[22m[2m)[22m[32m 21[2mms[22m[39m
 [32mΓ£ô[39m src/test/paletteUtils.test.js [2m([22m[2m4 tests[22m[2m)[22m[32m 18[2mms[22m[39m
 [32mΓ£ô[39m src/test/editorUtils.test.js [2m([22m[2m5 tests[22m[2m)[22m[32m 13[2mms[22m[39m
 [32mΓ£ô[39m src/test/spriteUtils.test.js [2m([22m[2m4 tests[22m[2m)[22m[32m 14[2mms[22m[39m
 [32mΓ£ô[39m src/test/sanitizeSettings.test.js [2m([22m[2m3 tests[22m[2m)[22m[32m 14[2mms[22m[39m
 [32mΓ£ô[39m src/test/pdfUtils.test.js [2m([22m[2m3 tests[22m[2m)[22m[32m 15[2mms[22m[39m
 [32mΓ£ô[39m src/test/urlImportUtils.test.js [2m([22m[2m4 tests[22m[2m)[22m[32m 14[2mms[22m[39m
 [32mΓ£ô[39m src/test/imageUtils.test.js [2m([22m[2m2 tests[22m[2m)[22m[32m 17[2mms[22m[39m

[2m Test Files [22m [1m[32m12 passed[39m[22m[90m (12)[39m
[2m      Tests [22m [1m[32m52 passed[39m[22m[90m (52)[39m
[2m   Start at [22m 03:10:51
[2m   Duration [22m 30.65s[2m (transform 865ms, setup 5.79s, import 2.35s, tests 439ms, environment 68.69s)[22m

